// Jest Snapshot v1, https://goo.gl/fbAQLP

exports[`should render ExpenseListItem with a given expense 1`] = `
<div>
  <Link
    to="/edit/1"
  >
    <h3>
      Gum
    </h3>
  </Link>
  <p>
    $
    1.95
     - 
    0
  </p>
</div>
`;
