// Jest Snapshot v1, https://goo.gl/fbAQLP

exports[`should render Header correctly 1`] = `
<header>
  <h1>
    Expensify
  </h1>
  <NavLink
    activeClassName="header__active-link"
    exact={true}
    to="/"
  >
    Dashboard
  </NavLink>
  <NavLink
    activeClassName="header__active-link"
    to="/create"
  >
    CreateExpense
  </NavLink>
  <NavLink
    activeClassName="header__active-link"
    to="/help"
  >
    Help
  </NavLink>
</header>
`;
