// Jest Snapshot v1, https://goo.gl/fbAQLP

exports[`should render NotFound correctly 1`] = `
<div>
  <h2>
    404 - Not Found
  </h2>
  <Link
    to="/"
  >
    Go Home
  </Link>
</div>
`;
